Pipeline {textures = [], samplers = [], targets = [RenderTarget {renderTargets = [(Color,Just (Framebuffer Color)),(Color,Just (Framebuffer Color)),(Depth,Just (Framebuffer Depth))]}], programs = [], slots = [], commands = [SetRenderTarget 0,ClearRenderTarget [(Color,VV4F (V4 0.0 0.0 0.4 1.0)),(Color,VV4F (V4 1.0 1.0 1.0 1.0)),(Depth,VFloat 1.0)]]}