Pipeline {backend = OpenGL33, textures = [], samplers = [], targets = [RenderTarget {renderTargets = [(Depth,Just (Framebuffer Depth))]}], programs = [], slots = [], commands = [SetRenderTarget 0,ClearRenderTarget [(Depth,VFloat 1.0)]]}