Pipeline {backend = OpenGL33, textures = [], samplers = [], targets = [RenderTarget {renderTargets = [(Color,Just (Framebuffer Color))]}], programs = [], slots = [], commands = [SetRenderTarget 0,ClearRenderTarget [(Color,VV4F (V4 0.0 0.0 0.4 1.0))]]}