Pipeline {textures = [], samplers = [], targets = [RenderTarget {renderTargets = [(Depth,Just (Framebuffer Depth)),(Color,Just (Framebuffer Color))]}], programs = [Program {programUniforms = fromList [("viewProj",M44F),("worldMat",M44F)], programStreams = fromList [("c",("color",V4F)),("p",("position",V3F))], programInTextures = fromList [], programOutput = [("f0",V4F)], vertexShader = "#version 330 core\nuniform mat4 viewProj ;\nuniform mat4 worldMat ;\nin vec3 p ;\nin vec4 c ;\nsmooth out vec4 v0 ;\nvoid main() {\nv0 = c;\ngl_Position = ( viewProj ) * ( ( worldMat ) * ( vec4 ( x,y,z,1.0 ) ) );\ngl_PointSize = 1.0;\n}\n", geometryShader = Nothing, fragmentShader = "#version 330 core\nsmooth in vec4 v0 ;\nout vec4 f0 ;\nvoid main() {\nf0 = vec4 ( ( 1.0 ) - ( r ),( 1.0 ) - ( g ),( 1.0 ) - ( b ),1.0 );\n}\n"},Program {programUniforms = fromList [("viewProj",M44F),("worldMat",M44F)], programStreams = fromList [("c",("color",V4F)),("p",("position",V3F))], programInTextures = fromList [], programOutput = [("f0",V4F)], vertexShader = "#version 330 core\nuniform mat4 viewProj ;\nuniform mat4 worldMat ;\nin vec3 p ;\nin vec4 c ;\nsmooth out vec4 v0 ;\nvoid main() {\nv0 = vec4 ( r,g,b,0.5 );\ngl_Position = ( viewProj ) * ( ( worldMat ) * ( vec4 ( x,y,z,1.0 ) ) );\ngl_PointSize = 1.0;\n}\n", geometryShader = Nothing, fragmentShader = "#version 330 core\nsmooth in vec4 v0 ;\nout vec4 f0 ;\nvoid main() {\nf0 = v0;\n}\n"}], slots = [Slot {slotName = "missing shader", slotUniforms = fromList [("viewProj",M44F),("worldMat",M44F)], slotStreams = fromList [("color",V4F),("position",V3F)], slotPrimitive = Triangles, slotPrograms = [0,1]}], commands = [SetRenderTarget 0,ClearRenderTarget [(Depth,VFloat 1000.0),(Color,VV4F (V4 0.0 0.0 0.0 0.0))],SetRasterContext (TriangleCtx CullNone PolygonFill NoOffset LastVertex),SetAccumulationContext (AccumulationContext {accViewportName = Nothing, accOperations = [DepthOp Less False,ColorOp (Blend (FuncAdd,Min) ((One,One),(One,One)) (V4 1.0 1.0 1.0 1.0)) (VV4B (V4 True True True True))]}),SetProgram 1,RenderSlot 0,SetRasterContext (TriangleCtx CullNone (PolygonLine 1.0) NoOffset LastVertex),SetAccumulationContext (AccumulationContext {accViewportName = Nothing, accOperations = [DepthOp Lequal True,ColorOp NoBlending (VV4B (V4 True True True True))]}),SetProgram 0,RenderSlot 0]}